2023-10-10 16:20:02,289 [INFO] Generating report...
2023-10-10 16:20:02,289 [WARNING] No file with extension log was found in path /home/daveni/w/phd/Reportero/tests/good_beamtime/dataset_1!
